#GITHUB TOKEN:
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

AWK min, max, avg
================
input | awk '{if(min==""){min=max=$1}; if($1>max) {max=$1}; if($1<min) {min=$1}; total+=$1; count+=1} END {print total/count, max, min}'

Debugging assembly via gdb:
--------------------------
1) Write any c++ program
2) g++ -S -o assembly.s assembly.cpp // generate assembly output
3) as --gstabs -o assembly.o assembly.s // genearte object file using assembly
4) g++ -o assembly assembly.o // Generate executable from object file


Debugging with process:
-----------------------
// Instructs gdb to switch to child process – in our case scalper_d first and after that cmerouter_d
set follow-fork-mode child
// Both child and parent processes will be held in control of GDB
set detach-on-fork off
// Follow execution of new child process
set follow-exec-mode new

Now follow is the execution you will need to debug. Do regular cleanup of shared memory and create necessary shm sections as per commands before starting controller.

./stop.sh; rm -f /dev/shm/*; sleep 10; /home/ppatel/git/example/sapphire/build/debug/bin/create_sections_d -e PPatel -f ./sapphire.cfg.cme

Now run gdb however you run with following:

 gdb /home/ppatel/git/example/sapphire/build/debug/bin/controller_d
(gdb) set args -n 0 -e  PPatel -f ./sapphire.cfg.cme
(gdb) break main
(gdb) start
Temporary breakpoint 2 at 0x41e0d6: file /home/ppatel/git/example/sapphire/sapphire/cmake/standard_main.cpp, line 6.
Starting program: /home/ppatel/git/example/sapphire/build/debug/bin/controller_d -n 0 -e  PPatel -f ./sapphire.cfg.cme
[Thread debugging using libthread_db enabled]
Using host libthread_db library "/lib/x86_64-linux-gnu/libthread_db.so.1".

Breakpoint 1, main (argc=7, argv=0x7fffffffe338) at /home/ppatel/git/example/sapphire/sapphire/cmake/standard_main.cpp:6
6          exit( entry_point( argc, argv ) );
(gdb) cont
Continuing.
…..
……

At this point scalper_d will start and gdb will halt….run “Ctrl-C” and do following:

(gdb) info infe
  Num  Description       Executable
  1    process 33401     /home/ppatel/git/example/sapphire/build/debug/bin/controller_d
* 3    process 33410     /home/ppatel/git/example/sapphire/build/debug/bin/scalper_d
(gdb) infe 1
[Switching to inferior 1 [process 33401] (/home/ppatel/git/example/sapphire/build/debug/bin/controller_d)]
[Switching to thread 1.1 (Thread 0x15555552d740 (LWP 33401))]
#0  0x00001555538c241a in __libc_fork () at ../sysdeps/nptl/fork.c:145
145     ../sysdeps/nptl/fork.c: No such file or directory.
(gdb) detach infe 3  This command will detach scalper_d will run outside gdb …
Detaching from program: /home/ppatel/git/example/sapphire/build/debug/bin/scalper_d, process 33410
(gdb) 2019-01-08,08:12:05.658998876 [INFO] scalper_d(33410) node/BaseNode.h:871 | engine:PPatel
2019-01-08,08:12:05.659142587 [INFO] scalper_d(33410) node/BaseNode.h:868 | queue:sapphire_PPatel_0_controller_d
…….
……..
Got back to inferior 1 -> controller_d process back …
……

(gdb) infe 1
[Switching to inferior 1 [process 33401] (/home/ppatel/git/example/sapphire/build/debug/bin/controller_d)]
[Switching to thread 1.1 (Thread 0x15555552d740 (LWP 33401))]
#0  0x00001555538c241a in __libc_fork () at ../sysdeps/nptl/fork.c:145
145     in ../sysdeps/nptl/fork.c
(gdb) cont
Continuing.
[New process 33444]
….
….
process 33444 is executing new program: /home/ppatel/git/example/sapphire/build/debug/bin/cmerouter_d
[New process 33444]
[Thread debugging using libthread_db enabled]
Using host libthread_db library "/lib/x86_64-linux-gnu/libthread_db.so.1".
[Switching to Thread 0x15555552f740 (LWP 33444)]

Thread 5.1 "cmerouter_d" hit Breakpoint 1, main (argc=15, argv=0x7fffffffe2b8) at /home/ppatel/git/example/sapphire/sapphire/cmake/standard_main.cpp:6
6          exit( entry_point( argc, argv ) );
(gdb) b FixMessageConstructor.h:26 <-  Set breakpoint wherever you want now in CME router
……
(gdb) info infe
  Num  Description       Executable
  1    process 33401     /home/ppatel/git/example/sapphire/build/debug/bin/controller_d
  3    <null>            /home/ppatel/git/example/sapphire/build/debug/bin/scalper_d
* 5    process 33444     /home/ppatel/git/example/sapphire/build/debug/bin/cmerouter_d

… let controller_d run outside of gdb control now ….
(gdb) detach infe 1
Detaching from program: /home/ppatel/git/example/sapphire/build/debug/bin/controller_d, process 33401

…make sure we are back on cmetouer_d inferior….

(gdb) infe 5
[Switching to inferior 5 [process 33444] (/home/ppatel/git/example/sapphire/build/debug/bin/cmerouter_d)]
[Switching to thread 5.1 (Thread 0x15555552f740 (LWP 33444))]
#0  main (argc=15, argv=0x7fffffffe2b8) at /home/ppatel/git/example/sapphire/sapphire/cmake/standard_main.cpp:6
6          exit( entry_point( argc, argv ) );
(gdb) cont
Continuing…
…..
…..
All nodes have been sent their configurations…

// Now we will hit our breakpoint in CME router ….and you can successfully debug cmerouter_d now on gdb……
Thread 5.1 "cmerouter_d" hit Breakpoint 3, sapphire::glbx::FixMessageConstructor::BuildMessage (this=0x7fffffff4fe0, message=..., msgBuilder=..., settings=...) at /home/ppatel/git/example/sapphire/./sapphire/gateways/router/cme/FixMessageConstructor.h:26
26                std::cout << " PHP " << __FILE__ << ":"  << __LINE__  << std::endl;

========================
Install Clang: 
=======================
http://releases.llvm.org/download.html
-> Download pre-built binaries

// Compile command json -p=
/home/ppatel/TOOLS/CLANG/clang+llvm-9.0.0-x86_64-linux-gnu-ubuntu-18.04/share/clang/run_clang_tidy.py ~/git/example/sapphire/sapphire/gateways/router/instinet/*  -checks=-*,clang-analyzer-*,bugprone-*,performance* -header-filter=.* -p=. &> /tmp/out.txt

// Run clang-tidy
/home/ppatel/bin/CLANG/clang+llvm-8.0.0-x86_64-linux-gnu-ubuntu-16.04/bin/clang-tidy  -header-filter=.* -checks=*,-llvm-*,-google-reada*,-fuchsia-*  -p=. <fileName>

/home/ppatel/bin/CLANG/clang+llvm-8.0.0-x86_64-linux-gnu-ubuntu-16.04/bin/clang-tidy  -header-filter=.*sapphire.* -checks=-*,clang-analyzer-*,performance-* -p=. /home/ppatel/git/example/sapphire/sapphire/gateways/router/cme/EntryPoint.cpp

// Run cpp-check
~/TOOLS/cppcheck-1.87/cppcheck --enable=all --project=./compile_commands.json <fileName>

// Min/Max/Avg using AWK
cat  routerSubmit.txt| awk -F"queue_read_time: " '{print $2}' | awk -F", wire_write_time: " '{print $2-$1 "\t" $2 "\t" $1}'| awk '{if(min==""){min=max=$1}; if($1>max) {max=$1}; if($1<min) {min=$1}; total+=$1; count+=1} END {print "avg " total/count," | max "max," | min " min " | samples " NR}'

// Clone
git clone ssh://git@bitbucket:7999/desk/example.git
git submodule update --init --recursive
git submodule foreach git checkout release/nrc
git submodule foreach git pull --all

// Create example branch
-> Create your example desk branch
-> checkout each of the submodule branches to each of the desired branches 
-> add, commit and push the changes:
-> git add e7core hawk messages sapphire
-> git commit -m "GAT-890"
-> git push

// Tool to convert gprof outoput to dot
https://github.com/jrfonseca/gprof2dot
$ python3 ~/.local/lib/python2.7/site-packages/gprof2dot.py -f callgrind callgrind.out.21683-01 | dot -w -Tsvg -o /mnt/ppatel/test.svg
$ python3 ~/.local/lib/python2.7/site-packages/gprof2dot.py -f callgrind callgrind.out.21683-01 -w | dot -Tsvg -o /mnt/ppatel/test.svg
$ python3 ~/.local/lib/python2.7/site-packages/gprof2dot.py -f callgrind callgrind.out.21683-01 -s | dot -Tsvg -o /mnt/ppatel/test_1.svg


// Getting and building mFAST
git clone --recursive  https://github.com/objectcomputing/mFAST.git

// Checking icc status
systemctl status icecc_no_remote.service


// Some calculations from log file
#!/bin/bash
head -1 $1; tail -1 $1;
grep ERROR 20210126_16_38_02_downloader.log | grep -v "PacketDrop" | wc -l
grep New $1| wc -l
grep Saving $1| wc -l
grep "Instrument saved" $1| awk -F"Instrument saved " '{print $2}'| awk '{split($0,a,","); print a[2] " " a[1] " " a[3]}' | sort | sed "s/{symbol =//" | sed "s/security_id =.*$//" | sed "s/ iid = //" | uniq > IidToSymbol.txt.3; sort -u IidToSymbol.txt.3 | awk 'NR==FNR{seen[$1]++;next}seen[$1]>1'  - IidToSymbol.txt.3
rm IidToSymbol.txt.3

// Running and joining TCP dump
sudo tcpdump -i xeur-am udp port 59000 and dst 224.0.114.46 -w xeur_data_snapshot.pcap -C 100
sudo tcpdump -i xeur-am udp port 59001 and dst 224.0.114.47 -w xeur_data.pcap
mcast_util.py listen 224.0.114.46 59000 -count 0
mcast_util.py listen 224.0.114.47 59001 -count 0

// Listen for packet
tcpdump -n -i {interface-name} dst {IP-address} port {port}

// Capture TCP stream
tcpdump -i any -s 0 'tcp port <PORTNUMBER>' -w /tmp/http.cap

// EPF Client run
./epfclient -g 239.240.255.10:10003 -e 262 -i <IID of instrument with corssed book> -l 20 -O -b

// Eurex startup time
xeur1-20210201-235000.udp-224.0.114.34-59000.pcap -  17:50/5:50 (PM)

// Joining on multicast
python /opt/eagleseven/python/latest/network_utils/mcast_util.py  listen 224.0.50.221 59000 -timeout 0 -count 0

// Capture TCP dump
sudo tcpdump -i sf1 host  224.0.50.221 -w /tmp/221_4.pcap

// Replay on local interface
sudo tcpreplay -T nano -i lo -x 100.0 --stats=5 /tmp/LargePackets.pcap


// Market state grep
cat /tmp/parsed_after.txt.1 | egrep "market::Accumulator|FeederMarketState::MarketStateUpdate|MarketSegmentID= 690.*ProductSummaryT|MarketSegmentID= 690.*InstrumentStateChangeT.*SecurityID=72060557565362236|MarketSegmentID= 690.*ProductStateChangeT|MarketSegmentID= 690.*InstrumentSummaryT.*SecurityID=72060557565362236|MarketSegmentID= 690.*MassInstrumentStateChangeT" &> /tmp/parsed_filtered_after.txt

// Running report tool
$DBG_MASTER_DIR/report_eurex_mbo_d -i 'FGBL SI 20210608 PS'@XEUR -d 2021-03-12 -s 10:10 -f 10:40 -E -S -M -O -l TRACE

./build/Debug-g++-8-haswell/bin/report_eurex_mbo_d -s 1:00 -f 23:00 -d 2021-04-26/2021-04-27 -i 'FESX SI 20210618 CS'@XEUR -T | egrep 'PacketDrop|PacketId=1146054'

// This method will only add millisecond if it is not max value "999"
void addMilli (std::string& inOutStr)
{
	static constexpr auto FORMAT = "%02d:%02d:%02d.%03d";
	static constexpr auto FORMAT_SIZE = 13;
	static constexpr auto MAX_MILLIS = 999;
	static constexpr auto MAX_MINUTES_SECONDS = 59;
	static constexpr auto MAX_HOURS = 23;
	int h{0}, m{0}, s{0}, millis{0};
	if (4 == std::sscanf(inOutStr.c_str(), FORMAT, &h, &m, &s, &millis))
	{
		if (millis != MAX_MILLIS)
		{
			++millis;
			char buffer[FORMAT_SIZE]{};
			std::sprintf(buffer, FORMAT, h, m, s, millis);
			inOutStr = buffer;
		}
	}
}

GDB:
====
handle SIGINT print stop pass

// For AST dump
clang++ --std=c++17 -I ~/git/example/sapphire/hawk/ -I  ~/git/example/sapphire/ -I /home/ppatel/git/example/sapphire/messages/generated/ -I /home/ppatel/git/example/sapphire/messages/generated/feeder/ -I /home/ppatel/git/example/sapphire/messages/generated/Sapphire/ -I /home/ppatel/git/example/sapphire/build/Debug-g++-8-haswell/hawk/hawk/feeder/exchanges/eurex/emds/decoder/ -I /usr/local/share/drop/mFAST/1.3.0/include/ -I /home/ppatel/git/example/sapphire/build/Debug-g++-8-haswell/hawk/hawk/feeder/exchanges/eurex/emdi/decoder/xml/10.0/ -I /home/ppatel/git/example/sapphire/build/Debug-g++-8-haswell/hawk/hawk/feeder/exchanges/eurex/emdi/decoder/xml/9.1.2/ -I /home/ppatel/git/example/sapphire/e7core/ -Xclang -ast-dump  -ferror-limit=1000 EntryPoint.cpp &> /tmp/out.txt_dump_1


// TMUX in vim setup
git clone https://github.com/tmux-plugins/tpm ~/.tmux/plugins/tpm

Add these lines to ~/.tmux.conf:

## Plugin management
set -g @plugin 'tmux-plugins/tpm'
set -g @plugin 'tmux-plugins/tmux-sensible'
set -g @plugin 'christoomey/vim-tmux-navigator'
run -b '~/.tmux/plugins/tpm/tpm'

// Build youcomplete me with following
rm -rf /home/ppatel/.vim/bundle/YouCompleteMe/third_party/ycmd/cpp/absl; python3 ./install.py --clang-completer --clangd-completer

DBG_MASTER_DIR/glbx_drop_d -c drop_config.json | decodeLine.sh 2>&1 | tee /tmp/out.txt

<commandToRun> |& tee /tmp/output.txt

============================================================================================

cd <buildDir>
make -j6 e7_test
ctest -T test --no-compress-output

==================================================================================================

wget http://jenkins-artifacts/condor/configs/firmware_update.py -O firmware_update.py
python3 firmware_update.py latest latest --dry --directory dump

==================================================================================================

QA Password: Qu@|ity34

Benchmark:
==========
g++ Test.cpp -std=c++11 -isystem ~/extra_git/benchmark/include ~/extra_git/benchmark/build/src/libbenchmark.a  -lpthread -o mybenchmark
python3  ~/extra_git/benchmark/tools/compare.py benchmarks mybenchmark mybenchmark

